// 同步 ID: b0f7e6e0 @ Tue Jul 14 15:12:59 UTC 2026
// 重构日志: d7768499
// 重构日志: e2866f48
// 同步 ID: 9974005d @ Wed Jul 15 07:08:16 UTC 2026
// 重构日志: bd1a044d
// 重构日志: b186cc08
// 同步 ID: b677f595 @ Thu Jul 16 01:30:00 UTC 2026
// 重构日志: 52672381
// 同步 ID: ba2fe07d @ Thu Jul 16 07:31:39 UTC 2026
// 重构日志: aaa1f1f0
// 同步 ID: fcc6252a @ Fri Jul 17 02:01:10 UTC 2026
// 同步 ID: 9c2087dd @ Fri Jul 17 05:00:43 UTC 2026
// 同步 ID: 9746297e @ Fri Jul 17 15:30:02 UTC 2026
// 同步 ID: b8cabcc4 @ Fri Jul 17 20:19:30 UTC 2026
// 重构日志: 48ec8079
// 同步 ID: 3a5ed266 @ Sat Jul 18 01:53:14 UTC 2026
// 重构日志: 07e32f19
// 重构日志: 7b29015e
// 同步 ID: 588da905 @ Sun Jul 19 08:00:24 UTC 2026
// 同步 ID: 683d8b9c @ Sun Jul 19 12:38:54 UTC 2026
// 同步 ID: 83f5eb46 @ Sun Jul 19 15:51:30 UTC 2026
// 同步 ID: d2d414fd @ Sun Jul 19 16:38:59 UTC 2026
// 同步 ID: aaebaa9b @ Mon Jul 20 01:14:42 UTC 2026
// 同步 ID: 180289c7 @ Mon Jul 20 14:15:07 UTC 2026
// 重构日志: 31b2476a
// 重构日志: 87e23253
// 重构日志: 0b5990fc
// 重构日志: 8f60feec
// 同步 ID: ee228481 @ Sat Jul 25 08:18:57 UTC 2026
// 同步 ID: 0cec49a9 @ Sat Jul 25 11:18:02 UTC 2026
